../CAN/CANSPI.c:39:6:CANSPI_Sleep	8	static
../CAN/CANSPI.c:51:6:CANSPI_Initialize	48	static
../CAN/CANSPI.c:147:9:CANSPI_Transmit	24	static
../CAN/CANSPI.c:195:9:CANSPI_Receive	40	static
../CAN/CANSPI.c:246:9:CANSPI_messagesInBuffer	16	static
../CAN/CANSPI.c:266:9:CANSPI_isBussOff	16	static
../CAN/CANSPI.c:281:9:CANSPI_isRxErrorPassive	16	static
../CAN/CANSPI.c:296:9:CANSPI_isTxErrorPassive	16	static
../CAN/CANSPI.c:311:17:convertReg2ExtendedCANid	32	static
../CAN/CANSPI.c:333:17:convertReg2StandardCANid	24	static
../CAN/CANSPI.c:346:13:convertCANid2Reg	32	static
